// 重构日志: ca4ab024
// 重构日志: 00e3089b
// 重构日志: 2b0ed96c
// 同步 ID: 0dc155c6 @ Sat Jul 25 11:18:45 UTC 2026
// 重构日志: 31b7369b
// 重构日志: 6323f138
// 同步 ID: 37d697e8 @ Sun Jul 26 22:05:46 UTC 2026
// 同步 ID: f4f768ad @ Mon Jul 27 01:37:28 UTC 2026
// 重构日志: 29ab04de
// 重构日志: bf8e395a
// 同步 ID: 8a6035c9 @ Wed Jul 29 01:39:44 UTC 2026
// 重构日志: edd62dff
// 重构日志: 6f21acee
// 重构日志: f48f9bd6
// 同步 ID: b7a069c4 @ Fri Jul 31 08:36:50 UTC 2026
// 重构日志: 18b3a45e
// 重构日志: 2d5c33c6
// 重构日志: e31c9318
// 同步 ID: 5cc800cb @ Sat Aug  1 18:39:07 UTC 2026
// 重构日志: 3b7a0b3b
// 重构日志: b1ee36ca
// 同步 ID: 3a1b1a19 @ Sun Aug  2 14:45:49 UTC 2026
// 同步 ID: d04946c8 @ Sun Aug  2 15:59:37 UTC 2026
// 重构日志: da4b2223
// 重构日志: 87760803
// 同步 ID: 7cb82081 @ Mon Aug  3 21:58:52 UTC 2026
// 重构日志: 492ce1ac
// 重构日志: 77227a1a
// 同步 ID: b2d3f8d1 @ Wed Aug  5 11:19:39 UTC 2026
// 同步 ID: 50dca175 @ Thu Aug  6 01:35:02 UTC 2026
// 重构日志: ce932824
// 重构日志: d13b5b2f
